// Jest Snapshot v1, https://goo.gl/fbAQLP

exports[`Icon component if the icon component renders without errors 1`] = `
<ReactSVG
  afterInjection={[Function]}
  beforeInjection={[Function]}
  className="mp--icon"
  evalScripts="never"
  fallback={null}
  loading={null}
  onClick={[Function]}
  renumerateIRIElements={true}
  src="undefined"
  wrapper="span"
/>
`;

exports[`Icon component if the third party react-svg module renders without errors 1`] = `
<span
  className="mp--icon"
  onClick={[Function]}
/>
`;
