// Jest Snapshot v1, https://goo.gl/fbAQLP

exports[`TopBar Component if it renders correctly 1`] = `
<div
  className="mp--topbar"
  id="mp--topbar"
>
  <WithStyles(ForwardRef(Container))
    className="mp--topbar--inner"
    disableGutters={true}
  >
    <MQMaxMedium>
      <Menu
        bodyClassName=""
        burgerBarClassName=""
        burgerButtonClassName=""
        className=""
        crossButtonClassName=""
        crossClassName=""
        disableAutoFocus={false}
        disableCloseOnEsc={false}
        htmlClassName=""
        id="side-menu"
        itemClassName=""
        itemListClassName=""
        menuClassName=""
        morphShapeClassName=""
        noOverlay={false}
        noTransition={false}
        onIconHoverChange={[Function]}
        onStateChange={[Function]}
        outerContainerId="outer-container"
        overlayClassName=""
        pageWrapId="page-wrap"
        right={true}
        styles={
          Object {
            "bmBurgerBars": Object {
              "background": "white",
              "height": "11%",
            },
            "bmBurgerBarsHover": Object {
              "background": "#a90000",
            },
            "bmBurgerButton": Object {
              "height": "30px",
              "position": "fixed",
              "right": "36px",
              "top": "30px",
              "width": "36px",
            },
            "bmCross": Object {
              "background": "#bdc3c7",
            },
            "bmCrossButton": Object {
              "height": "24px",
              "width": "24px",
            },
            "bmItem": Object {
              "display": "flex",
              "width": "100%",
            },
            "bmItemList": Object {
              "padding": "0.8em",
            },
            "bmMenu": Object {
              "fontSize": "1.15em",
              "overflow": "hidden",
              "paddingTop": "4rem",
            },
            "bmMenuWrap": Object {
              "height": "100%",
              "position": "fixed",
            },
            "bmMorphShape": Object {
              "fill": "#373a47",
            },
            "bmOverlay": Object {
              "background": "rgba(0, 0, 0, 0.3)",
            },
          }
        }
        width="230px"
      >
        <NavLink
          activeClassName="active"
          key="nav-item-0"
          to="/about-us/"
        >
          About Us
        </NavLink>
        <NavLink
          activeClassName="active"
          key="nav-item-1"
          to="/work/"
        >
          Work
        </NavLink>
        <NavLink
          activeClassName="active"
          key="nav-item-2"
          to="/services/"
        >
          Services
        </NavLink>
        <NavLink
          activeClassName="active"
          key="nav-item-3"
          to="/contact/"
        >
          Contact
        </NavLink>
        <div
          className=""
        >
          <Button
            palette="secondary"
          >
            Get Quotation
          </Button>
        </div>
      </Menu>
    </MQMaxMedium>
    <WithStyles(ForwardRef(Grid))
      className="topbar-grid-container"
      container={true}
    >
      <WithStyles(ForwardRef(Grid))
        className="logo-container"
        item={true}
        md={2}
        xs={4}
      >
        <img
          alt="Logo"
          src="/images/logo.png"
        />
      </WithStyles(ForwardRef(Grid))>
      <MQMinLarge>
        <WithStyles(ForwardRef(Grid))
          className="topbar-elements-container"
          item={true}
          md={7}
        >
          <NavLink
            activeClassName="active"
            key="nav-item-0"
            to="/about-us/"
          >
            About Us
          </NavLink>
          <NavLink
            activeClassName="active"
            key="nav-item-1"
            to="/work/"
          >
            Work
          </NavLink>
          <NavLink
            activeClassName="active"
            key="nav-item-2"
            to="/services/"
          >
            Services
          </NavLink>
          <NavLink
            activeClassName="active"
            key="nav-item-3"
            to="/contact/"
          >
            Contact
          </NavLink>
        </WithStyles(ForwardRef(Grid))>
        <WithStyles(ForwardRef(Grid))
          className="get-quote-wrapper"
          item={true}
          md={3}
        >
          <Button
            palette="secondary"
          >
            Get Quotation
          </Button>
        </WithStyles(ForwardRef(Grid))>
      </MQMinLarge>
    </WithStyles(ForwardRef(Grid))>
  </WithStyles(ForwardRef(Container))>
</div>
`;
